0:0:0:0:0:0:0:1 - - [23/Oct/2024:12:45:55 +0300] "GET /config HTTP/1.1" 302 -
0:0:0:0:0:0:0:1 - - [23/Oct/2024:12:45:55 +0300] "GET /config/ HTTP/1.1" 500 169
0:0:0:0:0:0:0:1 - - [23/Oct/2024:12:45:55 +0300] "GET /favicon.ico HTTP/1.1" 404 169
0:0:0:0:0:0:0:1 - - [23/Oct/2024:12:46:10 +0300] "-" 400 -
0:0:0:0:0:0:0:1 - - [23/Oct/2024:12:46:10 +0300] "-" 400 -
0:0:0:0:0:0:0:1 - - [23/Oct/2024:12:46:20 +0300] "GET /config HTTP/1.1" 302 -
0:0:0:0:0:0:0:1 - - [23/Oct/2024:12:46:20 +0300] "GET /config/ HTTP/1.1" 500 169
0:0:0:0:0:0:0:1 - - [23/Oct/2024:12:46:20 +0300] "GET /favicon.ico HTTP/1.1" 404 169
127.0.0.1 - - [23/Oct/2024:12:46:49 +0300] "-" 400 -
127.0.0.1 - - [23/Oct/2024:12:46:49 +0300] "-" 400 -
127.0.0.1 - - [23/Oct/2024:12:46:54 +0300] "GET /config HTTP/1.1" 302 -
127.0.0.1 - - [23/Oct/2024:12:46:54 +0300] "GET /config/ HTTP/1.1" 500 169
127.0.0.1 - - [23/Oct/2024:12:46:55 +0300] "GET /favicon.ico HTTP/1.1" 404 169
0:0:0:0:0:0:0:1 - - [23/Oct/2024:12:54:36 +0300] "GET /config/ HTTP/1.1" 500 169
0:0:0:0:0:0:0:1 - - [23/Oct/2024:12:54:37 +0300] "GET /config HTTP/1.1" 302 -
0:0:0:0:0:0:0:1 - - [23/Oct/2024:12:54:37 +0300] "GET /config/ HTTP/1.1" 500 169
0:0:0:0:0:0:0:1 - - [23/Oct/2024:13:01:07 +0300] "GET /apple-touch-icon-precomposed.png HTTP/1.1" 404 169
0:0:0:0:0:0:0:1 - - [23/Oct/2024:13:01:07 +0300] "GET /apple-touch-icon.png HTTP/1.1" 404 169
0:0:0:0:0:0:0:1 - - [23/Oct/2024:13:01:07 +0300] "GET /favicon.ico HTTP/1.1" 404 169
0:0:0:0:0:0:0:1 - - [23/Oct/2024:13:01:17 +0300] "GET /config/ HTTP/1.1" 500 169
0:0:0:0:0:0:0:1 - - [23/Oct/2024:13:04:11 +0300] "GET /config HTTP/1.1" 302 -
0:0:0:0:0:0:0:1 - - [23/Oct/2024:13:04:11 +0300] "GET /config/ HTTP/1.1" 500 169
0:0:0:0:0:0:0:1 - - [23/Oct/2024:13:04:16 +0300] "GET /config HTTP/1.1" 302 -
0:0:0:0:0:0:0:1 - - [23/Oct/2024:13:04:16 +0300] "GET /config/ HTTP/1.1" 500 169
0:0:0:0:0:0:0:1 - - [23/Oct/2024:13:09:45 +0300] "GET /oxygen-xml-web-author HTTP/1.1" 302 -
0:0:0:0:0:0:0:1 - - [23/Oct/2024:13:09:45 +0300] "GET /oxygen-xml-web-author/ HTTP/1.1" 302 -
0:0:0:0:0:0:0:1 - - [23/Oct/2024:13:09:45 +0300] "GET /oxygen-xml-web-author/app/oxygen.html HTTP/1.1" 200 1010
0:0:0:0:0:0:0:1 - - [23/Oct/2024:13:09:45 +0300] "GET /oxygen-xml-web-author/app/css/all-37dae98658.css HTTP/1.1" 200 36335
0:0:0:0:0:0:0:1 - - [23/Oct/2024:13:09:45 +0300] "GET /oxygen-xml-web-author/app/v26.1.0-lib/layout-dab69784e0.js HTTP/1.1" 200 57383
0:0:0:0:0:0:0:1 - - [23/Oct/2024:13:09:46 +0300] "GET /oxygen-xml-web-author/app/workspace-caee3999f1.js HTTP/1.1" 200 572843
127.0.0.1 - - [23/Oct/2024:13:09:46 +0300] "GET /license-servlet/license-servlet?action=LIC_REQUEST&serverURL=https%3A%2F%2Flocalhost%3A8443%2Flicense-servlet%2Flicense-servlet&name=user2915297075665943297&hostname=MacBook-Pro-2.local&macaddr=AC-DE-48-00-11-22 HTTP/1.1" 401 169
127.0.0.1 - webapp [23/Oct/2024:13:09:46 +0300] "GET /license-servlet/license-servlet?action=LIC_REQUEST&serverURL=https%3A%2F%2Flocalhost%3A8443%2Flicense-servlet%2Flicense-servlet&name=user2915297075665943297&hostname=MacBook-Pro-2.local&macaddr=AC-DE-48-00-11-22 HTTP/1.1" 200 19
127.0.0.1 - webapp [23/Oct/2024:13:09:46 +0300] "GET /license-servlet/license-servlet?action=LIC_REQUEST&serverURL=https%3A%2F%2Flocalhost%3A8443%2Flicense-servlet%2Flicense-servlet&name=user2915297075665943297&hostname=MacBook-Pro-2.local&macaddr=AC-DE-48-00-11-22 HTTP/1.1" 200 19
0:0:0:0:0:0:0:1 - - [23/Oct/2024:13:09:46 +0300] "GET /oxygen-xml-web-author/rest/load/plugins/plugins.css HTTP/1.1" 200 10091
0:0:0:0:0:0:0:1 - - [23/Oct/2024:13:09:46 +0300] "GET /oxygen-xml-web-author/rest/load/plugins/plugins.js HTTP/1.1" 200 145951
0:0:0:0:0:0:0:1 - - [23/Oct/2024:13:09:46 +0300] "GET /oxygen-xml-web-author/app/images/icons-93994800-sprite@2x.png HTTP/1.1" 200 75201
0:0:0:0:0:0:0:1 - - [23/Oct/2024:13:09:46 +0300] "GET /oxygen-xml-web-author/app/images/no-sprite/Collapse10@2x.png HTTP/1.1" 200 1292
0:0:0:0:0:0:0:1 - - [23/Oct/2024:13:09:46 +0300] "GET /oxygen-xml-web-author/app/images/no-sprite/Expand10@2x.png HTTP/1.1" 200 1311
0:0:0:0:0:0:0:1 - - [23/Oct/2024:13:09:46 +0300] "GET /oxygen-xml-web-author/app/fonts/RobotoTTF/Roboto-Light.ttf HTTP/1.1" 200 86637
0:0:0:0:0:0:0:1 - - [23/Oct/2024:13:09:46 +0300] "GET /oxygen-xml-web-author/app/fonts/RobotoTTF/Roboto-Regular.ttf HTTP/1.1" 200 86935
0:0:0:0:0:0:0:1 - - [23/Oct/2024:13:09:46 +0300] "GET /oxygen-xml-web-author/plugins-dispatcher/samples-files?sampleFilePath=.descriptor%2Fsamples.json HTTP/1.1" 200 5132
0:0:0:0:0:0:0:1 - - [23/Oct/2024:13:09:46 +0300] "GET /oxygen-xml-web-author/plugins-dispatcher/samples-files?sampleFilePath=.descriptor%2Fimages%2Fdita_flowers_flowers%402x.png HTTP/1.1" 200 42070
0:0:0:0:0:0:0:1 - - [23/Oct/2024:13:09:46 +0300] "GET /oxygen-xml-web-author/plugins-dispatcher/samples-files?sampleFilePath=.descriptor%2Fimages%2Fdita_flowers_topics_flowers_gardenia%402x.png HTTP/1.1" 200 71298
0:0:0:0:0:0:0:1 - - [23/Oct/2024:13:09:46 +0300] "GET /oxygen-xml-web-author/plugins-dispatcher/samples-files?sampleFilePath=.descriptor%2Fimages%2Fdita_phone_map%402x.png HTTP/1.1" 200 31544
0:0:0:0:0:0:0:1 - - [23/Oct/2024:13:09:46 +0300] "GET /oxygen-xml-web-author/plugins-dispatcher/samples-files?sampleFilePath=.descriptor%2Fimages%2Fchess_diff%402x.png HTTP/1.1" 200 54788
0:0:0:0:0:0:0:1 - - [23/Oct/2024:13:09:46 +0300] "GET /oxygen-xml-web-author/plugins-dispatcher/samples-files?sampleFilePath=.descriptor%2Fimages%2Fdita_image-map_topics_gear-pump%402x.png HTTP/1.1" 200 46943
0:0:0:0:0:0:0:1 - - [23/Oct/2024:13:09:46 +0300] "GET /oxygen-xml-web-author/plugins-dispatcher/samples-files?sampleFilePath=.descriptor%2Fimages%2Fmarkdown_sample%402x.png HTTP/1.1" 200 21235
0:0:0:0:0:0:0:1 - - [23/Oct/2024:13:09:46 +0300] "GET /oxygen-xml-web-author/plugins-dispatcher/samples-files?sampleFilePath=.descriptor%2Fimages%2Fdocbook_v5_sampleMathMLandSVG%402x.png HTTP/1.1" 200 43839
0:0:0:0:0:0:0:1 - - [23/Oct/2024:13:09:46 +0300] "GET /oxygen-xml-web-author/plugins-dispatcher/samples-files?sampleFilePath=.descriptor%2Fimages%2Fdita_space-videos_topics_aeronautics%402x.png HTTP/1.1" 200 71128
0:0:0:0:0:0:0:1 - - [23/Oct/2024:13:09:46 +0300] "GET /oxygen-xml-web-author/plugins-dispatcher/samples-files?sampleFilePath=.descriptor%2Fimages%2Fquick-fixes_flowers%402x.png HTTP/1.1" 200 45884
127.0.0.1 - webapp [23/Oct/2024:13:09:46 +0300] "GET /license-servlet/license-servlet?action=LIC_REQUEST&serverURL=https%3A%2F%2Flocalhost%3A8443%2Flicense-servlet%2Flicense-servlet&name=user2915297075665943297&hostname=MacBook-Pro-2.local&macaddr=AC-DE-48-00-11-22 HTTP/1.1" 200 19
0:0:0:0:0:0:0:1 - - [23/Oct/2024:13:09:46 +0300] "GET /oxygen-xml-web-author/plugins-dispatcher/samples-files?sampleFilePath=.descriptor%2Fimages%2Fdocbook_v5_sample%402x.png HTTP/1.1" 200 59384
127.0.0.1 - webapp [23/Oct/2024:13:09:46 +0300] "GET /license-servlet/license-servlet?action=LIC_REQUEST&serverURL=https%3A%2F%2Flocalhost%3A8443%2Flicense-servlet%2Flicense-servlet&name=user2915297075665943297&hostname=MacBook-Pro-2.local&macaddr=AC-DE-48-00-11-22 HTTP/1.1" 200 19
0:0:0:0:0:0:0:1 - - [23/Oct/2024:13:09:46 +0300] "GET /oxygen-xml-web-author/plugins-dispatcher/samples-files?sampleFilePath=.descriptor%2Fimages%2Fxhtml_sample%402x.png HTTP/1.1" 200 31200
0:0:0:0:0:0:0:1 - - [23/Oct/2024:13:09:46 +0300] "GET /oxygen-xml-web-author/plugins-dispatcher/samples-files?sampleFilePath=.descriptor%2Fimages%2Ftei_TEI-P5%402x.png HTTP/1.1" 200 29768
0:0:0:0:0:0:0:1 - - [23/Oct/2024:13:09:46 +0300] "GET /oxygen-xml-web-author/plugins-dispatcher/samples-files?sampleFilePath=.descriptor%2Fimages%2Fjtei_DEMOjtei-8-eide-source%402x.png HTTP/1.1" 200 43861
0:0:0:0:0:0:0:1 - - [23/Oct/2024:13:09:46 +0300] "GET /oxygen-xml-web-author/rest/app-authentication/user-info HTTP/1.1" 401 63
0:0:0:0:0:0:0:1 - - [23/Oct/2024:13:09:46 +0300] "GET /oxygen-xml-web-author/plugins-dispatcher/samples-files?sampleFilePath=.descriptor%2Fimages%2Fdita_learning_testlearningAssess%402x.png HTTP/1.1" 200 43914
0:0:0:0:0:0:0:1 - - [23/Oct/2024:13:09:46 +0300] "GET /oxygen-xml-web-author/plugins-dispatcher/samples-files?sampleFilePath=.descriptor%2Fimages%2Fdita-cereals%402x.png HTTP/1.1" 200 29517
0:0:0:0:0:0:0:1 - - [23/Oct/2024:13:09:46 +0300] "GET /oxygen-xml-web-author/plugins-dispatcher/samples-files?sampleFilePath=.descriptor%2Fimages%2Fdita-xml-specialization%402x.png HTTP/1.1" 200 29908
0:0:0:0:0:0:0:1 - - [23/Oct/2024:13:09:46 +0300] "GET /oxygen-xml-web-author/plugins-dispatcher/samples-files?sampleFilePath=.descriptor%2Fimages%2Fdita-camelia%402x.png HTTP/1.1" 200 47767
0:0:0:0:0:0:0:1 - - [23/Oct/2024:13:09:46 +0300] "GET /oxygen-xml-web-author/plugins-dispatcher/samples-files?sampleFilePath=.descriptor%2Fimages%2Fdita-desert%402x.png HTTP/1.1" 200 27060
0:0:0:0:0:0:0:1 - - [23/Oct/2024:13:09:46 +0300] "GET /oxygen-xml-web-author/app/images/WebApp192.png HTTP/1.1" 200 14365
0:0:0:0:0:0:0:1 - - [23/Oct/2024:13:09:46 +0300] "GET /oxygen-xml-web-author/app/images/gui/favicon.ico HTTP/1.1" 200 5430
0:0:0:0:0:0:0:1 - - [23/Oct/2024:13:09:46 +0300] "GET /oxygen-xml-web-author/app/images/no-sprite/DashboardFilesContainer@2x.png HTTP/1.1" 200 3628
0:0:0:0:0:0:0:1 - - [23/Oct/2024:13:09:46 +0300] "GET /oxygen-xml-web-author/plugin-resources/samples/Samples70@2x.png HTTP/1.1" 200 2325
0:0:0:0:0:0:0:1 - - [23/Oct/2024:13:09:46 +0300] "GET /oxygen-xml-web-author/plugin-resources/github-static/Git-logo70@2x.png HTTP/1.1" 200 1913
0:0:0:0:0:0:0:1 - - [23/Oct/2024:13:09:46 +0300] "GET /oxygen-xml-web-author/plugin-resources/p4/perforce70@2x.png HTTP/1.1" 200 3036
0:0:0:0:0:0:0:1 - - [23/Oct/2024:13:09:46 +0300] "GET /oxygen-xml-web-author/plugin-resources/webdav/Webdav70@2x.png HTTP/1.1" 200 3184
0:0:0:0:0:0:0:1 - - [23/Oct/2024:13:09:46 +0300] "GET /oxygen-xml-web-author/plugin-resources/sharepoint/SharePoint70@2x.png HTTP/1.1" 200 2958
0:0:0:0:0:0:0:1 - - [23/Oct/2024:13:09:46 +0300] "GET /oxygen-xml-web-author/plugin-resources/samples/NewSample.png HTTP/1.1" 200 792
0:0:0:0:0:0:0:1 - - [23/Oct/2024:13:10:26 +0300] "GET /oxygen-xml-web-author/app/oxygen.html HTTP/1.1" 200 1010
127.0.0.1 - webapp [23/Oct/2024:13:10:26 +0300] "GET /license-servlet/license-servlet?action=LIC_REQUEST&serverURL=https%3A%2F%2Flocalhost%3A8443%2Flicense-servlet%2Flicense-servlet&name=user2915297075665943297&hostname=MacBook-Pro-2.local&macaddr=AC-DE-48-00-11-22 HTTP/1.1" 200 19
127.0.0.1 - webapp [23/Oct/2024:13:10:26 +0300] "GET /license-servlet/license-servlet?action=LIC_REQUEST&serverURL=https%3A%2F%2Flocalhost%3A8443%2Flicense-servlet%2Flicense-servlet&name=user2915297075665943297&hostname=MacBook-Pro-2.local&macaddr=AC-DE-48-00-11-22 HTTP/1.1" 200 19
0:0:0:0:0:0:0:1 - - [23/Oct/2024:13:10:26 +0300] "GET /oxygen-xml-web-author/rest/load/plugins/plugins.css HTTP/1.1" 200 10091
0:0:0:0:0:0:0:1 - - [23/Oct/2024:13:10:26 +0300] "GET /oxygen-xml-web-author/rest/load/plugins/plugins.js HTTP/1.1" 200 145951
0:0:0:0:0:0:0:1 - - [23/Oct/2024:13:10:26 +0300] "GET /oxygen-xml-web-author/plugins-dispatcher/samples-files?sampleFilePath=.descriptor%2Fsamples.json HTTP/1.1" 200 5132
0:0:0:0:0:0:0:1 - - [23/Oct/2024:13:10:26 +0300] "GET /oxygen-xml-web-author/plugins-dispatcher/samples-files?sampleFilePath=.descriptor%2Fimages%2Fdita_flowers_topics_flowers_gardenia%402x.png HTTP/1.1" 200 71298
0:0:0:0:0:0:0:1 - - [23/Oct/2024:13:10:26 +0300] "GET /oxygen-xml-web-author/plugins-dispatcher/samples-files?sampleFilePath=.descriptor%2Fimages%2Fdita_flowers_flowers%402x.png HTTP/1.1" 200 42070
0:0:0:0:0:0:0:1 - - [23/Oct/2024:13:10:26 +0300] "GET /oxygen-xml-web-author/plugins-dispatcher/samples-files?sampleFilePath=.descriptor%2Fimages%2Fdita_phone_map%402x.png HTTP/1.1" 200 31544
0:0:0:0:0:0:0:1 - - [23/Oct/2024:13:10:26 +0300] "GET /oxygen-xml-web-author/plugins-dispatcher/samples-files?sampleFilePath=.descriptor%2Fimages%2Fchess_diff%402x.png HTTP/1.1" 200 54788
0:0:0:0:0:0:0:1 - - [23/Oct/2024:13:10:26 +0300] "GET /oxygen-xml-web-author/plugins-dispatcher/samples-files?sampleFilePath=.descriptor%2Fimages%2Fdita_image-map_topics_gear-pump%402x.png HTTP/1.1" 200 46943
0:0:0:0:0:0:0:1 - - [23/Oct/2024:13:10:26 +0300] "GET /oxygen-xml-web-author/plugins-dispatcher/samples-files?sampleFilePath=.descriptor%2Fimages%2Fmarkdown_sample%402x.png HTTP/1.1" 200 21235
0:0:0:0:0:0:0:1 - - [23/Oct/2024:13:10:26 +0300] "GET /oxygen-xml-web-author/plugins-dispatcher/samples-files?sampleFilePath=.descriptor%2Fimages%2Fdocbook_v5_sampleMathMLandSVG%402x.png HTTP/1.1" 200 43839
0:0:0:0:0:0:0:1 - - [23/Oct/2024:13:10:26 +0300] "GET /oxygen-xml-web-author/plugins-dispatcher/samples-files?sampleFilePath=.descriptor%2Fimages%2Fdita_space-videos_topics_aeronautics%402x.png HTTP/1.1" 200 71128
0:0:0:0:0:0:0:1 - - [23/Oct/2024:13:10:26 +0300] "GET /oxygen-xml-web-author/plugins-dispatcher/samples-files?sampleFilePath=.descriptor%2Fimages%2Fquick-fixes_flowers%402x.png HTTP/1.1" 200 45884
0:0:0:0:0:0:0:1 - - [23/Oct/2024:13:10:26 +0300] "GET /oxygen-xml-web-author/plugins-dispatcher/samples-files?sampleFilePath=.descriptor%2Fimages%2Fdocbook_v5_sample%402x.png HTTP/1.1" 200 59384
0:0:0:0:0:0:0:1 - - [23/Oct/2024:13:10:26 +0300] "GET /oxygen-xml-web-author/plugins-dispatcher/samples-files?sampleFilePath=.descriptor%2Fimages%2Fxhtml_sample%402x.png HTTP/1.1" 200 31200
0:0:0:0:0:0:0:1 - - [23/Oct/2024:13:10:26 +0300] "GET /oxygen-xml-web-author/plugins-dispatcher/samples-files?sampleFilePath=.descriptor%2Fimages%2Ftei_TEI-P5%402x.png HTTP/1.1" 200 29768
0:0:0:0:0:0:0:1 - - [23/Oct/2024:13:10:26 +0300] "GET /oxygen-xml-web-author/plugins-dispatcher/samples-files?sampleFilePath=.descriptor%2Fimages%2Fjtei_DEMOjtei-8-eide-source%402x.png HTTP/1.1" 200 43861
0:0:0:0:0:0:0:1 - - [23/Oct/2024:13:10:26 +0300] "GET /oxygen-xml-web-author/plugins-dispatcher/samples-files?sampleFilePath=.descriptor%2Fimages%2Fdita_learning_testlearningAssess%402x.png HTTP/1.1" 200 43914
0:0:0:0:0:0:0:1 - - [23/Oct/2024:13:10:26 +0300] "GET /oxygen-xml-web-author/plugins-dispatcher/samples-files?sampleFilePath=.descriptor%2Fimages%2Fdita-cereals%402x.png HTTP/1.1" 200 29517
0:0:0:0:0:0:0:1 - - [23/Oct/2024:13:10:26 +0300] "GET /oxygen-xml-web-author/plugins-dispatcher/samples-files?sampleFilePath=.descriptor%2Fimages%2Fdita-xml-specialization%402x.png HTTP/1.1" 200 29908
0:0:0:0:0:0:0:1 - - [23/Oct/2024:13:10:26 +0300] "GET /oxygen-xml-web-author/plugins-dispatcher/samples-files?sampleFilePath=.descriptor%2Fimages%2Fdita-camelia%402x.png HTTP/1.1" 200 47767
127.0.0.1 - webapp [23/Oct/2024:13:10:26 +0300] "GET /license-servlet/license-servlet?action=LIC_REQUEST&serverURL=https%3A%2F%2Flocalhost%3A8443%2Flicense-servlet%2Flicense-servlet&name=user2915297075665943297&hostname=MacBook-Pro-2.local&macaddr=AC-DE-48-00-11-22 HTTP/1.1" 200 19
127.0.0.1 - webapp [23/Oct/2024:13:10:26 +0300] "GET /license-servlet/license-servlet?action=LIC_REQUEST&serverURL=https%3A%2F%2Flocalhost%3A8443%2Flicense-servlet%2Flicense-servlet&name=user2915297075665943297&hostname=MacBook-Pro-2.local&macaddr=AC-DE-48-00-11-22 HTTP/1.1" 200 19
0:0:0:0:0:0:0:1 - - [23/Oct/2024:13:10:26 +0300] "GET /oxygen-xml-web-author/plugins-dispatcher/samples-files?sampleFilePath=.descriptor%2Fimages%2Fdita-desert%402x.png HTTP/1.1" 200 27060
0:0:0:0:0:0:0:1 - - [23/Oct/2024:13:10:26 +0300] "GET /oxygen-xml-web-author/plugin-resources/samples/Samples70@2x.png HTTP/1.1" 200 2325
0:0:0:0:0:0:0:1 - - [23/Oct/2024:13:10:26 +0300] "GET /oxygen-xml-web-author/plugin-resources/github-static/Git-logo70@2x.png HTTP/1.1" 200 1913
0:0:0:0:0:0:0:1 - - [23/Oct/2024:13:10:26 +0300] "GET /oxygen-xml-web-author/plugin-resources/p4/perforce70@2x.png HTTP/1.1" 200 3036
0:0:0:0:0:0:0:1 - - [23/Oct/2024:13:10:26 +0300] "GET /oxygen-xml-web-author/rest/app-authentication/user-info HTTP/1.1" 401 63
0:0:0:0:0:0:0:1 - - [23/Oct/2024:13:10:26 +0300] "GET /oxygen-xml-web-author/plugin-resources/webdav/Webdav70@2x.png HTTP/1.1" 200 3184
0:0:0:0:0:0:0:1 - - [23/Oct/2024:13:10:26 +0300] "GET /oxygen-xml-web-author/plugin-resources/sharepoint/SharePoint70@2x.png HTTP/1.1" 200 2958
0:0:0:0:0:0:0:1 - - [23/Oct/2024:13:10:26 +0300] "GET /oxygen-xml-web-author/plugin-resources/samples/NewSample.png HTTP/1.1" 200 792
0:0:0:0:0:0:0:1 - - [23/Oct/2024:13:11:01 +0300] "GET /oxygen-xml-web-author/app/oxygen.html?url=samples%3A%2F%2Fsamples%2Fmarkdown%2Fmarkdown.md&schematronUrl=samples%3A%2F%2Fsamples%2Fmarkdown%2Fschematron.sch HTTP/1.1" 200 1010
0:0:0:0:0:0:0:1 - - [23/Oct/2024:13:11:01 +0300] "GET /oxygen-xml-web-author/rest/load/plugins/plugins.css HTTP/1.1" 200 10091
127.0.0.1 - webapp [23/Oct/2024:13:11:01 +0300] "GET /license-servlet/license-servlet?action=LIC_REQUEST&serverURL=https%3A%2F%2Flocalhost%3A8443%2Flicense-servlet%2Flicense-servlet&name=user2915297075665943297&hostname=MacBook-Pro-2.local&macaddr=AC-DE-48-00-11-22 HTTP/1.1" 200 19
127.0.0.1 - webapp [23/Oct/2024:13:11:01 +0300] "GET /license-servlet/license-servlet?action=LIC_REQUEST&serverURL=https%3A%2F%2Flocalhost%3A8443%2Flicense-servlet%2Flicense-servlet&name=user2915297075665943297&hostname=MacBook-Pro-2.local&macaddr=AC-DE-48-00-11-22 HTTP/1.1" 200 19
0:0:0:0:0:0:0:1 - - [23/Oct/2024:13:11:01 +0300] "GET /oxygen-xml-web-author/rest/load/plugins/plugins.js HTTP/1.1" 200 145951
127.0.0.1 - webapp [23/Oct/2024:13:11:01 +0300] "GET /license-servlet/license-servlet?action=LIC_REQUEST&serverURL=https%3A%2F%2Flocalhost%3A8443%2Flicense-servlet%2Flicense-servlet&name=user2915297075665943297&hostname=MacBook-Pro-2.local&macaddr=AC-DE-48-00-11-22 HTTP/1.1" 200 19
127.0.0.1 - webapp [23/Oct/2024:13:11:01 +0300] "GET /license-servlet/license-servlet?action=LIC_REQUEST&serverURL=https%3A%2F%2Flocalhost%3A8443%2Flicense-servlet%2Flicense-servlet&name=user2915297075665943297&hostname=MacBook-Pro-2.local&macaddr=AC-DE-48-00-11-22 HTTP/1.1" 200 19
0:0:0:0:0:0:0:1 - - [23/Oct/2024:13:11:01 +0300] "GET /oxygen-xml-web-author/app/images/spinners/blue-spinner.svg HTTP/1.1" 200 797
0:0:0:0:0:0:0:1 - - [23/Oct/2024:13:11:03 +0300] "POST /oxygen-xml-web-author/rest/v26.1.0/doc/load?userName=Anonymous HTTP/1.1" 200 918
127.0.0.1 - webapp [23/Oct/2024:13:11:03 +0300] "GET /license-servlet/license-servlet?action=LIC_REQUEST&serverURL=https%3A%2F%2Flocalhost%3A8443%2Flicense-servlet%2Flicense-servlet&name=user2915297075665943297&hostname=MacBook-Pro-2.local&macaddr=AC-DE-48-00-11-22 HTTP/1.1" 200 19
127.0.0.1 - webapp [23/Oct/2024:13:11:03 +0300] "GET /license-servlet/license-servlet?action=LIC_REQUEST&serverURL=https%3A%2F%2Flocalhost%3A8443%2Flicense-servlet%2Flicense-servlet&name=user2915297075665943297&hostname=MacBook-Pro-2.local&macaddr=AC-DE-48-00-11-22 HTTP/1.1" 200 19
127.0.0.1 - webapp [23/Oct/2024:13:11:03 +0300] "GET /license-servlet/license-servlet?action=LIC_REQUEST&serverURL=https%3A%2F%2Flocalhost%3A8443%2Flicense-servlet%2Flicense-servlet&name=user2915297075665943297&hostname=MacBook-Pro-2.local&macaddr=AC-DE-48-00-11-22 HTTP/1.1" 200 19
127.0.0.1 - webapp [23/Oct/2024:13:11:03 +0300] "GET /license-servlet/license-servlet?action=LIC_REQUEST&serverURL=https%3A%2F%2Flocalhost%3A8443%2Flicense-servlet%2Flicense-servlet&name=user2915297075665943297&hostname=MacBook-Pro-2.local&macaddr=AC-DE-48-00-11-22 HTTP/1.1" 200 19
0:0:0:0:0:0:0:1 - - [23/Oct/2024:13:11:03 +0300] "GET /oxygen-xml-web-author/rest/v26.1.0/load/image/1?url=%252Fimages%252FOpen16.png HTTP/1.1" 200 319
127.0.0.1 - webapp [23/Oct/2024:13:11:03 +0300] "GET /license-servlet/license-servlet?action=LIC_REQUEST&serverURL=https%3A%2F%2Flocalhost%3A8443%2Flicense-servlet%2Flicense-servlet&name=user2915297075665943297&hostname=MacBook-Pro-2.local&macaddr=AC-DE-48-00-11-22 HTTP/1.1" 200 19
127.0.0.1 - webapp [23/Oct/2024:13:11:03 +0300] "GET /license-servlet/license-servlet?action=LIC_REQUEST&serverURL=https%3A%2F%2Flocalhost%3A8443%2Flicense-servlet%2Flicense-servlet&name=user2915297075665943297&hostname=MacBook-Pro-2.local&macaddr=AC-DE-48-00-11-22 HTTP/1.1" 200 19
127.0.0.1 - webapp [23/Oct/2024:13:11:03 +0300] "GET /license-servlet/license-servlet?action=LIC_REQUEST&serverURL=https%3A%2F%2Flocalhost%3A8443%2Flicense-servlet%2Flicense-servlet&name=user2915297075665943297&hostname=MacBook-Pro-2.local&macaddr=AC-DE-48-00-11-22 HTTP/1.1" 200 19
127.0.0.1 - webapp [23/Oct/2024:13:11:03 +0300] "GET /license-servlet/license-servlet?action=LIC_REQUEST&serverURL=https%3A%2F%2Flocalhost%3A8443%2Flicense-servlet%2Flicense-servlet&name=user2915297075665943297&hostname=MacBook-Pro-2.local&macaddr=AC-DE-48-00-11-22 HTTP/1.1" 200 19
127.0.0.1 - webapp [23/Oct/2024:13:11:03 +0300] "GET /license-servlet/license-servlet?action=LIC_REQUEST&serverURL=https%3A%2F%2Flocalhost%3A8443%2Flicense-servlet%2Flicense-servlet&name=user2915297075665943297&hostname=MacBook-Pro-2.local&macaddr=AC-DE-48-00-11-22 HTTP/1.1" 200 19
127.0.0.1 - webapp [23/Oct/2024:13:11:03 +0300] "GET /license-servlet/license-servlet?action=LIC_REQUEST&serverURL=https%3A%2F%2Flocalhost%3A8443%2Flicense-servlet%2Flicense-servlet&name=user2915297075665943297&hostname=MacBook-Pro-2.local&macaddr=AC-DE-48-00-11-22 HTTP/1.1" 200 19
127.0.0.1 - webapp [23/Oct/2024:13:11:03 +0300] "GET /license-servlet/license-servlet?action=LIC_REQUEST&serverURL=https%3A%2F%2Flocalhost%3A8443%2Flicense-servlet%2Flicense-servlet&name=user2915297075665943297&hostname=MacBook-Pro-2.local&macaddr=AC-DE-48-00-11-22 HTTP/1.1" 200 19
127.0.0.1 - webapp [23/Oct/2024:13:11:03 +0300] "GET /license-servlet/license-servlet?action=LIC_REQUEST&serverURL=https%3A%2F%2Flocalhost%3A8443%2Flicense-servlet%2Flicense-servlet&name=user2915297075665943297&hostname=MacBook-Pro-2.local&macaddr=AC-DE-48-00-11-22 HTTP/1.1" 200 19
0:0:0:0:0:0:0:1 - - [23/Oct/2024:13:11:03 +0300] "GET /oxygen-xml-web-author/rest/v26.1.0/load/image/1?url=%252Fimages%252FBold24.png HTTP/1.1" 200 326
0:0:0:0:0:0:0:1 - - [23/Oct/2024:13:11:03 +0300] "GET /oxygen-xml-web-author/rest/v26.1.0/load/image/1?url=%252Fimages%252FHeading3_24.png HTTP/1.1" 200 1158
0:0:0:0:0:0:0:1 - - [23/Oct/2024:13:11:03 +0300] "GET /oxygen-xml-web-author/rest/v26.1.0/load/image/1?url=%252Fimages%252FLine16.png HTTP/1.1" 200 147
127.0.0.1 - webapp [23/Oct/2024:13:11:03 +0300] "GET /license-servlet/license-servlet?action=LIC_REQUEST&serverURL=https%3A%2F%2Flocalhost%3A8443%2Flicense-servlet%2Flicense-servlet&name=user2915297075665943297&hostname=MacBook-Pro-2.local&macaddr=AC-DE-48-00-11-22 HTTP/1.1" 200 19
127.0.0.1 - webapp [23/Oct/2024:13:11:03 +0300] "GET /license-servlet/license-servlet?action=LIC_REQUEST&serverURL=https%3A%2F%2Flocalhost%3A8443%2Flicense-servlet%2Flicense-servlet&name=user2915297075665943297&hostname=MacBook-Pro-2.local&macaddr=AC-DE-48-00-11-22 HTTP/1.1" 200 19
0:0:0:0:0:0:0:1 - - [23/Oct/2024:13:11:03 +0300] "GET /oxygen-xml-web-author/rest/v26.1.0/load/image/1?url=%252Fimages%252FHeading2_24.png HTTP/1.1" 200 1160
127.0.0.1 - webapp [23/Oct/2024:13:11:03 +0300] "GET /license-servlet/license-servlet?action=LIC_REQUEST&serverURL=https%3A%2F%2Flocalhost%3A8443%2Flicense-servlet%2Flicense-servlet&name=user2915297075665943297&hostname=MacBook-Pro-2.local&macaddr=AC-DE-48-00-11-22 HTTP/1.1" 200 19
127.0.0.1 - webapp [23/Oct/2024:13:11:03 +0300] "GET /license-servlet/license-servlet?action=LIC_REQUEST&serverURL=https%3A%2F%2Flocalhost%3A8443%2Flicense-servlet%2Flicense-servlet&name=user2915297075665943297&hostname=MacBook-Pro-2.local&macaddr=AC-DE-48-00-11-22 HTTP/1.1" 200 19
127.0.0.1 - webapp [23/Oct/2024:13:11:03 +0300] "GET /license-servlet/license-servlet?action=LIC_REQUEST&serverURL=https%3A%2F%2Flocalhost%3A8443%2Flicense-servlet%2Flicense-servlet&name=user2915297075665943297&hostname=MacBook-Pro-2.local&macaddr=AC-DE-48-00-11-22 HTTP/1.1" 200 19
127.0.0.1 - webapp [23/Oct/2024:13:11:03 +0300] "GET /license-servlet/license-servlet?action=LIC_REQUEST&serverURL=https%3A%2F%2Flocalhost%3A8443%2Flicense-servlet%2Flicense-servlet&name=user2915297075665943297&hostname=MacBook-Pro-2.local&macaddr=AC-DE-48-00-11-22 HTTP/1.1" 200 19
127.0.0.1 - webapp [23/Oct/2024:13:11:03 +0300] "GET /license-servlet/license-servlet?action=LIC_REQUEST&serverURL=https%3A%2F%2Flocalhost%3A8443%2Flicense-servlet%2Flicense-servlet&name=user2915297075665943297&hostname=MacBook-Pro-2.local&macaddr=AC-DE-48-00-11-22 HTTP/1.1" 200 19
127.0.0.1 - webapp [23/Oct/2024:13:11:03 +0300] "GET /license-servlet/license-servlet?action=LIC_REQUEST&serverURL=https%3A%2F%2Flocalhost%3A8443%2Flicense-servlet%2Flicense-servlet&name=user2915297075665943297&hostname=MacBook-Pro-2.local&macaddr=AC-DE-48-00-11-22 HTTP/1.1" 200 19
0:0:0:0:0:0:0:1 - - [23/Oct/2024:13:11:03 +0300] "GET /oxygen-xml-web-author/rest/v26.1.0/load/image/1?url=%252Fimages%252FCodeBlock24.png HTTP/1.1" 200 1207
0:0:0:0:0:0:0:1 - - [23/Oct/2024:13:11:03 +0300] "GET /oxygen-xml-web-author/rest/v26.1.0/load/image/1?url=%252Fimages%252FHeading1_24.png HTTP/1.1" 200 1109
0:0:0:0:0:0:0:1 - - [23/Oct/2024:13:11:03 +0300] "GET /oxygen-xml-web-author/rest/v26.1.0/load/image/1?url=%252Fimages%252FItalic24.png HTTP/1.1" 200 266
127.0.0.1 - webapp [23/Oct/2024:13:11:03 +0300] "GET /license-servlet/license-servlet?action=LIC_REQUEST&serverURL=https%3A%2F%2Flocalhost%3A8443%2Flicense-servlet%2Flicense-servlet&name=user2915297075665943297&hostname=MacBook-Pro-2.local&macaddr=AC-DE-48-00-11-22 HTTP/1.1" 200 19
127.0.0.1 - webapp [23/Oct/2024:13:11:03 +0300] "GET /license-servlet/license-servlet?action=LIC_REQUEST&serverURL=https%3A%2F%2Flocalhost%3A8443%2Flicense-servlet%2Flicense-servlet&name=user2915297075665943297&hostname=MacBook-Pro-2.local&macaddr=AC-DE-48-00-11-22 HTTP/1.1" 200 19
127.0.0.1 - webapp [23/Oct/2024:13:11:03 +0300] "GET /license-servlet/license-servlet?action=LIC_REQUEST&serverURL=https%3A%2F%2Flocalhost%3A8443%2Flicense-servlet%2Flicense-servlet&name=user2915297075665943297&hostname=MacBook-Pro-2.local&macaddr=AC-DE-48-00-11-22 HTTP/1.1" 200 19
127.0.0.1 - webapp [23/Oct/2024:13:11:03 +0300] "GET /license-servlet/license-servlet?action=LIC_REQUEST&serverURL=https%3A%2F%2Flocalhost%3A8443%2Flicense-servlet%2Flicense-servlet&name=user2915297075665943297&hostname=MacBook-Pro-2.local&macaddr=AC-DE-48-00-11-22 HTTP/1.1" 200 19
0:0:0:0:0:0:0:1 - - [23/Oct/2024:13:11:03 +0300] "GET /oxygen-xml-web-author/rest/v26.1.0/load/image/1?url=%252Fimages%252FQuote24.png HTTP/1.1" 200 1194
127.0.0.1 - webapp [23/Oct/2024:13:11:03 +0300] "GET /license-servlet/license-servlet?action=LIC_REQUEST&serverURL=https%3A%2F%2Flocalhost%3A8443%2Flicense-servlet%2Flicense-servlet&name=user2915297075665943297&hostname=MacBook-Pro-2.local&macaddr=AC-DE-48-00-11-22 HTTP/1.1" 200 19
127.0.0.1 - webapp [23/Oct/2024:13:11:03 +0300] "GET /license-servlet/license-servlet?action=LIC_REQUEST&serverURL=https%3A%2F%2Flocalhost%3A8443%2Flicense-servlet%2Flicense-servlet&name=user2915297075665943297&hostname=MacBook-Pro-2.local&macaddr=AC-DE-48-00-11-22 HTTP/1.1" 200 19
127.0.0.1 - webapp [23/Oct/2024:13:11:03 +0300] "GET /license-servlet/license-servlet?action=LIC_REQUEST&serverURL=https%3A%2F%2Flocalhost%3A8443%2Flicense-servlet%2Flicense-servlet&name=user2915297075665943297&hostname=MacBook-Pro-2.local&macaddr=AC-DE-48-00-11-22 HTTP/1.1" 200 19
127.0.0.1 - webapp [23/Oct/2024:13:11:03 +0300] "GET /license-servlet/license-servlet?action=LIC_REQUEST&serverURL=https%3A%2F%2Flocalhost%3A8443%2Flicense-servlet%2Flicense-servlet&name=user2915297075665943297&hostname=MacBook-Pro-2.local&macaddr=AC-DE-48-00-11-22 HTTP/1.1" 200 19
0:0:0:0:0:0:0:1 - - [23/Oct/2024:13:11:03 +0300] "GET /oxygen-xml-web-author/rest/v26.1.0/load/image/1?url=%252Fimages%252FUnorderedList24.png HTTP/1.1" 200 216
0:0:0:0:0:0:0:1 - - [23/Oct/2024:13:11:03 +0300] "GET /oxygen-xml-web-author/rest/v26.1.0/load/image/1?url=%252Fimages%252FOrderedList24.png HTTP/1.1" 200 300
127.0.0.1 - webapp [23/Oct/2024:13:11:03 +0300] "GET /license-servlet/license-servlet?action=LIC_REQUEST&serverURL=https%3A%2F%2Flocalhost%3A8443%2Flicense-servlet%2Flicense-servlet&name=user2915297075665943297&hostname=MacBook-Pro-2.local&macaddr=AC-DE-48-00-11-22 HTTP/1.1" 200 19
0:0:0:0:0:0:0:1 - - [23/Oct/2024:13:11:03 +0300] "GET /oxygen-xml-web-author/plugin-resources/web-author-markdown-editing-support/editor.html HTTP/1.1" 200 239
127.0.0.1 - webapp [23/Oct/2024:13:11:03 +0300] "GET /license-servlet/license-servlet?action=LIC_REQUEST&serverURL=https%3A%2F%2Flocalhost%3A8443%2Flicense-servlet%2Flicense-servlet&name=user2915297075665943297&hostname=MacBook-Pro-2.local&macaddr=AC-DE-48-00-11-22 HTTP/1.1" 200 19
0:0:0:0:0:0:0:1 - - [23/Oct/2024:13:11:03 +0300] "GET /oxygen-xml-web-author/rest/v26.1.0/load/image/1?url=%252Fimages%252FStrikeThrough24.png HTTP/1.1" 200 1272
0:0:0:0:0:0:0:1 - - [23/Oct/2024:13:11:03 +0300] "GET /oxygen-xml-web-author/rest/v26.1.0/load/image/1?url=%252Fimages%252FImage24.png HTTP/1.1" 200 497
127.0.0.1 - webapp [23/Oct/2024:13:11:03 +0300] "GET /license-servlet/license-servlet?action=LIC_REQUEST&serverURL=https%3A%2F%2Flocalhost%3A8443%2Flicense-servlet%2Flicense-servlet&name=user2915297075665943297&hostname=MacBook-Pro-2.local&macaddr=AC-DE-48-00-11-22 HTTP/1.1" 200 19
0:0:0:0:0:0:0:1 - - [23/Oct/2024:13:11:03 +0300] "GET /oxygen-xml-web-author/plugin-resources/web-author-markdown-editing-support/codemirror.css HTTP/1.1" 200 1690
127.0.0.1 - webapp [23/Oct/2024:13:11:03 +0300] "GET /license-servlet/license-servlet?action=LIC_REQUEST&serverURL=https%3A%2F%2Flocalhost%3A8443%2Flicense-servlet%2Flicense-servlet&name=user2915297075665943297&hostname=MacBook-Pro-2.local&macaddr=AC-DE-48-00-11-22 HTTP/1.1" 200 19
0:0:0:0:0:0:0:1 - - [23/Oct/2024:13:11:03 +0300] "GET /oxygen-xml-web-author/plugin-resources/web-author-markdown-editing-support/editor.css HTTP/1.1" 200 594
0:0:0:0:0:0:0:1 - - [23/Oct/2024:13:11:03 +0300] "GET /oxygen-xml-web-author/rest/v26.1.0/load/image/1?url=%252Fimages%252FLink24.png HTTP/1.1" 200 1365
0:0:0:0:0:0:0:1 - - [23/Oct/2024:13:11:03 +0300] "GET /oxygen-xml-web-author/rest/v26.1.0/load/image/1?url=%252Fimages%252FTaskList24.png HTTP/1.1" 200 1165
0:0:0:0:0:0:0:1 - - [23/Oct/2024:13:11:03 +0300] "GET /oxygen-xml-web-author/rest/v26.1.0/load/image/1?url=%252Fimages%252FTable24.png HTTP/1.1" 200 209
0:0:0:0:0:0:0:1 - - [23/Oct/2024:13:11:03 +0300] "GET /oxygen-xml-web-author/plugin-resources/web-author-markdown-editing-support/editor.js HTTP/1.1" 200 637
0:0:0:0:0:0:0:1 - - [23/Oct/2024:13:11:03 +0300] "GET /oxygen-xml-web-author/plugin-resources/web-author-markdown-editing-support/codemirror.js HTTP/1.1" 200 67136
0:0:0:0:0:0:0:1 - - [23/Oct/2024:13:11:04 +0300] "GET /oxygen-xml-web-author/plugin-resources/web-author-markdown-editing-support/validationtooltip.css HTTP/1.1" 200 711
0:0:0:0:0:0:0:1 - - [23/Oct/2024:13:11:05 +0300] "POST /oxygen-xml-web-author/plugins-dispatcher/markdown-plugin HTTP/1.1" 200 752
0:0:0:0:0:0:0:1 - - [23/Oct/2024:13:11:22 +0300] "POST /oxygen-xml-web-author/rest/v26.1.0/doc/dispose/ubnqe9fhx/false/ HTTP/1.1" 200 38
0:0:0:0:0:0:0:1 - - [23/Oct/2024:13:11:30 +0300] "GET /oxygen-xml-web-author/app/oxygen.html HTTP/1.1" 200 1010
127.0.0.1 - webapp [23/Oct/2024:13:11:30 +0300] "GET /license-servlet/license-servlet?action=LIC_REQUEST&serverURL=https%3A%2F%2Flocalhost%3A8443%2Flicense-servlet%2Flicense-servlet&name=user2915297075665943297&hostname=MacBook-Pro-2.local&macaddr=AC-DE-48-00-11-22 HTTP/1.1" 200 19
127.0.0.1 - webapp [23/Oct/2024:13:11:30 +0300] "GET /license-servlet/license-servlet?action=LIC_REQUEST&serverURL=https%3A%2F%2Flocalhost%3A8443%2Flicense-servlet%2Flicense-servlet&name=user2915297075665943297&hostname=MacBook-Pro-2.local&macaddr=AC-DE-48-00-11-22 HTTP/1.1" 200 19
0:0:0:0:0:0:0:1 - - [23/Oct/2024:13:11:30 +0300] "GET /oxygen-xml-web-author/rest/load/plugins/plugins.css HTTP/1.1" 200 10091
0:0:0:0:0:0:0:1 - - [23/Oct/2024:13:11:30 +0300] "GET /oxygen-xml-web-author/rest/load/plugins/plugins.js HTTP/1.1" 200 145951
0:0:0:0:0:0:0:1 - - [23/Oct/2024:13:11:30 +0300] "GET /oxygen-xml-web-author/plugins-dispatcher/samples-files?sampleFilePath=.descriptor%2Fsamples.json HTTP/1.1" 200 5132
0:0:0:0:0:0:0:1 - - [23/Oct/2024:13:11:30 +0300] "GET /oxygen-xml-web-author/plugins-dispatcher/samples-files?sampleFilePath=.descriptor%2Fimages%2Fdita_flowers_topics_flowers_gardenia%402x.png HTTP/1.1" 200 71298
0:0:0:0:0:0:0:1 - - [23/Oct/2024:13:11:30 +0300] "GET /oxygen-xml-web-author/plugins-dispatcher/samples-files?sampleFilePath=.descriptor%2Fimages%2Fdita_flowers_flowers%402x.png HTTP/1.1" 200 42070
0:0:0:0:0:0:0:1 - - [23/Oct/2024:13:11:30 +0300] "GET /oxygen-xml-web-author/plugins-dispatcher/samples-files?sampleFilePath=.descriptor%2Fimages%2Fdita_phone_map%402x.png HTTP/1.1" 200 31544
0:0:0:0:0:0:0:1 - - [23/Oct/2024:13:11:30 +0300] "GET /oxygen-xml-web-author/plugins-dispatcher/samples-files?sampleFilePath=.descriptor%2Fimages%2Fchess_diff%402x.png HTTP/1.1" 200 54788
0:0:0:0:0:0:0:1 - - [23/Oct/2024:13:11:30 +0300] "GET /oxygen-xml-web-author/plugins-dispatcher/samples-files?sampleFilePath=.descriptor%2Fimages%2Fdita_image-map_topics_gear-pump%402x.png HTTP/1.1" 200 46943
0:0:0:0:0:0:0:1 - - [23/Oct/2024:13:11:30 +0300] "GET /oxygen-xml-web-author/plugins-dispatcher/samples-files?sampleFilePath=.descriptor%2Fimages%2Fmarkdown_sample%402x.png HTTP/1.1" 200 21235
0:0:0:0:0:0:0:1 - - [23/Oct/2024:13:11:30 +0300] "GET /oxygen-xml-web-author/plugins-dispatcher/samples-files?sampleFilePath=.descriptor%2Fimages%2Fdocbook_v5_sampleMathMLandSVG%402x.png HTTP/1.1" 200 43839
0:0:0:0:0:0:0:1 - - [23/Oct/2024:13:11:30 +0300] "GET /oxygen-xml-web-author/plugins-dispatcher/samples-files?sampleFilePath=.descriptor%2Fimages%2Fdita_space-videos_topics_aeronautics%402x.png HTTP/1.1" 200 71128
0:0:0:0:0:0:0:1 - - [23/Oct/2024:13:11:30 +0300] "GET /oxygen-xml-web-author/plugins-dispatcher/samples-files?sampleFilePath=.descriptor%2Fimages%2Fquick-fixes_flowers%402x.png HTTP/1.1" 200 45884
0:0:0:0:0:0:0:1 - - [23/Oct/2024:13:11:30 +0300] "GET /oxygen-xml-web-author/plugins-dispatcher/samples-files?sampleFilePath=.descriptor%2Fimages%2Fdocbook_v5_sample%402x.png HTTP/1.1" 200 59384
0:0:0:0:0:0:0:1 - - [23/Oct/2024:13:11:30 +0300] "GET /oxygen-xml-web-author/plugins-dispatcher/samples-files?sampleFilePath=.descriptor%2Fimages%2Fxhtml_sample%402x.png HTTP/1.1" 200 31200
0:0:0:0:0:0:0:1 - - [23/Oct/2024:13:11:30 +0300] "GET /oxygen-xml-web-author/plugins-dispatcher/samples-files?sampleFilePath=.descriptor%2Fimages%2Ftei_TEI-P5%402x.png HTTP/1.1" 200 29768
0:0:0:0:0:0:0:1 - - [23/Oct/2024:13:11:30 +0300] "GET /oxygen-xml-web-author/plugins-dispatcher/samples-files?sampleFilePath=.descriptor%2Fimages%2Fjtei_DEMOjtei-8-eide-source%402x.png HTTP/1.1" 200 43861
0:0:0:0:0:0:0:1 - - [23/Oct/2024:13:11:30 +0300] "GET /oxygen-xml-web-author/plugins-dispatcher/samples-files?sampleFilePath=.descriptor%2Fimages%2Fdita_learning_testlearningAssess%402x.png HTTP/1.1" 200 43914
0:0:0:0:0:0:0:1 - - [23/Oct/2024:13:11:30 +0300] "GET /oxygen-xml-web-author/plugins-dispatcher/samples-files?sampleFilePath=.descriptor%2Fimages%2Fdita-cereals%402x.png HTTP/1.1" 200 29517
0:0:0:0:0:0:0:1 - - [23/Oct/2024:13:11:30 +0300] "GET /oxygen-xml-web-author/plugins-dispatcher/samples-files?sampleFilePath=.descriptor%2Fimages%2Fdita-xml-specialization%402x.png HTTP/1.1" 200 29908
0:0:0:0:0:0:0:1 - - [23/Oct/2024:13:11:30 +0300] "GET /oxygen-xml-web-author/plugins-dispatcher/samples-files?sampleFilePath=.descriptor%2Fimages%2Fdita-camelia%402x.png HTTP/1.1" 200 47767
0:0:0:0:0:0:0:1 - - [23/Oct/2024:13:11:30 +0300] "GET /oxygen-xml-web-author/plugins-dispatcher/samples-files?sampleFilePath=.descriptor%2Fimages%2Fdita-desert%402x.png HTTP/1.1" 200 27060
127.0.0.1 - webapp [23/Oct/2024:13:11:30 +0300] "GET /license-servlet/license-servlet?action=LIC_REQUEST&serverURL=https%3A%2F%2Flocalhost%3A8443%2Flicense-servlet%2Flicense-servlet&name=user2915297075665943297&hostname=MacBook-Pro-2.local&macaddr=AC-DE-48-00-11-22 HTTP/1.1" 200 19
127.0.0.1 - webapp [23/Oct/2024:13:11:30 +0300] "GET /license-servlet/license-servlet?action=LIC_REQUEST&serverURL=https%3A%2F%2Flocalhost%3A8443%2Flicense-servlet%2Flicense-servlet&name=user2915297075665943297&hostname=MacBook-Pro-2.local&macaddr=AC-DE-48-00-11-22 HTTP/1.1" 200 19
0:0:0:0:0:0:0:1 - - [23/Oct/2024:13:11:30 +0300] "GET /oxygen-xml-web-author/plugin-resources/samples/Samples70@2x.png HTTP/1.1" 200 2325
0:0:0:0:0:0:0:1 - - [23/Oct/2024:13:11:30 +0300] "GET /oxygen-xml-web-author/rest/app-authentication/user-info HTTP/1.1" 401 63
0:0:0:0:0:0:0:1 - - [23/Oct/2024:13:11:30 +0300] "GET /oxygen-xml-web-author/plugin-resources/github-static/Git-logo70@2x.png HTTP/1.1" 200 1913
0:0:0:0:0:0:0:1 - - [23/Oct/2024:13:11:30 +0300] "GET /oxygen-xml-web-author/plugin-resources/p4/perforce70@2x.png HTTP/1.1" 200 3036
0:0:0:0:0:0:0:1 - - [23/Oct/2024:13:11:30 +0300] "GET /oxygen-xml-web-author/plugin-resources/webdav/Webdav70@2x.png HTTP/1.1" 200 3184
0:0:0:0:0:0:0:1 - - [23/Oct/2024:13:11:30 +0300] "GET /oxygen-xml-web-author/plugin-resources/sharepoint/SharePoint70@2x.png HTTP/1.1" 200 2958
0:0:0:0:0:0:0:1 - - [23/Oct/2024:13:11:30 +0300] "GET /oxygen-xml-web-author/plugin-resources/samples/NewSample.png HTTP/1.1" 200 792
0:0:0:0:0:0:0:1 - - [23/Oct/2024:13:12:46 +0300] "GET /oxygen-xml-web-author/plugins-dispatcher/git/credentials HTTP/1.1" 200 177
0:0:0:0:0:0:0:1 - - [23/Oct/2024:13:12:46 +0300] "GET /oxygen-xml-web-author/plugin-resources/github-static/Git-logo24@2x.png HTTP/1.1" 200 877
0:0:0:0:0:0:0:1 - - [23/Oct/2024:13:12:53 +0300] "GET /oxygen-xml-web-author/app/images/no-sprite/DashboardNewFile@2x.png HTTP/1.1" 200 1268
0:0:0:0:0:0:0:1 - - [23/Oct/2024:13:12:53 +0300] "GET /oxygen-xml-web-author/app/images/no-sprite/DashboardOpenFile@2x.png HTTP/1.1" 200 1082
0:0:0:0:0:0:0:1 - - [23/Oct/2024:13:12:56 +0300] "GET /oxygen-xml-web-author/plugins-dispatcher/sp-session HTTP/1.1" 200 37
0:0:0:0:0:0:0:1 - - [23/Oct/2024:13:24:45 +0300] "GET /oxygen-xml-web-author/app/oxygen.html HTTP/1.1" 200 1010
0:0:0:0:0:0:0:1 - - [23/Oct/2024:13:24:45 +0300] "GET /oxygen-xml-web-author/rest/load/plugins/plugins.css HTTP/1.1" 200 10091
127.0.0.1 - webapp [23/Oct/2024:13:24:45 +0300] "GET /license-servlet/license-servlet?action=LIC_REQUEST&serverURL=https%3A%2F%2Flocalhost%3A8443%2Flicense-servlet%2Flicense-servlet&name=user2915297075665943297&hostname=MacBook-Pro-2.local&macaddr=AC-DE-48-00-11-22 HTTP/1.1" 200 19
127.0.0.1 - webapp [23/Oct/2024:13:24:45 +0300] "GET /license-servlet/license-servlet?action=LIC_REQUEST&serverURL=https%3A%2F%2Flocalhost%3A8443%2Flicense-servlet%2Flicense-servlet&name=user2915297075665943297&hostname=MacBook-Pro-2.local&macaddr=AC-DE-48-00-11-22 HTTP/1.1" 200 19
0:0:0:0:0:0:0:1 - - [23/Oct/2024:13:24:45 +0300] "GET /oxygen-xml-web-author/rest/load/plugins/plugins.js HTTP/1.1" 200 145951
0:0:0:0:0:0:0:1 - - [23/Oct/2024:13:24:45 +0300] "GET /oxygen-xml-web-author/plugins-dispatcher/samples-files?sampleFilePath=.descriptor%2Fsamples.json HTTP/1.1" 200 5132
0:0:0:0:0:0:0:1 - - [23/Oct/2024:13:24:45 +0300] "GET /oxygen-xml-web-author/plugins-dispatcher/samples-files?sampleFilePath=.descriptor%2Fimages%2Fdita_flowers_topics_flowers_gardenia%402x.png HTTP/1.1" 200 71298
0:0:0:0:0:0:0:1 - - [23/Oct/2024:13:24:45 +0300] "GET /oxygen-xml-web-author/plugins-dispatcher/samples-files?sampleFilePath=.descriptor%2Fimages%2Fdita_flowers_flowers%402x.png HTTP/1.1" 200 42070
0:0:0:0:0:0:0:1 - - [23/Oct/2024:13:24:45 +0300] "GET /oxygen-xml-web-author/plugins-dispatcher/samples-files?sampleFilePath=.descriptor%2Fimages%2Fdita_phone_map%402x.png HTTP/1.1" 200 31544
0:0:0:0:0:0:0:1 - - [23/Oct/2024:13:24:45 +0300] "GET /oxygen-xml-web-author/plugins-dispatcher/samples-files?sampleFilePath=.descriptor%2Fimages%2Fchess_diff%402x.png HTTP/1.1" 200 54788
0:0:0:0:0:0:0:1 - - [23/Oct/2024:13:24:45 +0300] "GET /oxygen-xml-web-author/plugins-dispatcher/samples-files?sampleFilePath=.descriptor%2Fimages%2Fdita_image-map_topics_gear-pump%402x.png HTTP/1.1" 200 46943
0:0:0:0:0:0:0:1 - - [23/Oct/2024:13:24:45 +0300] "GET /oxygen-xml-web-author/plugins-dispatcher/samples-files?sampleFilePath=.descriptor%2Fimages%2Fmarkdown_sample%402x.png HTTP/1.1" 200 21235
0:0:0:0:0:0:0:1 - - [23/Oct/2024:13:24:45 +0300] "GET /oxygen-xml-web-author/plugins-dispatcher/samples-files?sampleFilePath=.descriptor%2Fimages%2Fdocbook_v5_sampleMathMLandSVG%402x.png HTTP/1.1" 200 43839
0:0:0:0:0:0:0:1 - - [23/Oct/2024:13:24:45 +0300] "GET /oxygen-xml-web-author/plugins-dispatcher/samples-files?sampleFilePath=.descriptor%2Fimages%2Fdita_space-videos_topics_aeronautics%402x.png HTTP/1.1" 200 71128
0:0:0:0:0:0:0:1 - - [23/Oct/2024:13:24:45 +0300] "GET /oxygen-xml-web-author/plugins-dispatcher/samples-files?sampleFilePath=.descriptor%2Fimages%2Fquick-fixes_flowers%402x.png HTTP/1.1" 200 45884
0:0:0:0:0:0:0:1 - - [23/Oct/2024:13:24:45 +0300] "GET /oxygen-xml-web-author/plugins-dispatcher/samples-files?sampleFilePath=.descriptor%2Fimages%2Fdocbook_v5_sample%402x.png HTTP/1.1" 200 59384
0:0:0:0:0:0:0:1 - - [23/Oct/2024:13:24:45 +0300] "GET /oxygen-xml-web-author/plugins-dispatcher/samples-files?sampleFilePath=.descriptor%2Fimages%2Fxhtml_sample%402x.png HTTP/1.1" 200 31200
0:0:0:0:0:0:0:1 - - [23/Oct/2024:13:24:45 +0300] "GET /oxygen-xml-web-author/plugins-dispatcher/samples-files?sampleFilePath=.descriptor%2Fimages%2Ftei_TEI-P5%402x.png HTTP/1.1" 200 29768
0:0:0:0:0:0:0:1 - - [23/Oct/2024:13:24:45 +0300] "GET /oxygen-xml-web-author/plugins-dispatcher/samples-files?sampleFilePath=.descriptor%2Fimages%2Fjtei_DEMOjtei-8-eide-source%402x.png HTTP/1.1" 200 43861
0:0:0:0:0:0:0:1 - - [23/Oct/2024:13:24:45 +0300] "GET /oxygen-xml-web-author/plugins-dispatcher/samples-files?sampleFilePath=.descriptor%2Fimages%2Fdita_learning_testlearningAssess%402x.png HTTP/1.1" 200 43914
0:0:0:0:0:0:0:1 - - [23/Oct/2024:13:24:45 +0300] "GET /oxygen-xml-web-author/plugins-dispatcher/samples-files?sampleFilePath=.descriptor%2Fimages%2Fdita-cereals%402x.png HTTP/1.1" 200 29517
0:0:0:0:0:0:0:1 - - [23/Oct/2024:13:24:45 +0300] "GET /oxygen-xml-web-author/plugins-dispatcher/samples-files?sampleFilePath=.descriptor%2Fimages%2Fdita-xml-specialization%402x.png HTTP/1.1" 200 29908
0:0:0:0:0:0:0:1 - - [23/Oct/2024:13:24:45 +0300] "GET /oxygen-xml-web-author/plugins-dispatcher/samples-files?sampleFilePath=.descriptor%2Fimages%2Fdita-camelia%402x.png HTTP/1.1" 200 47767
0:0:0:0:0:0:0:1 - - [23/Oct/2024:13:24:45 +0300] "GET /oxygen-xml-web-author/plugins-dispatcher/samples-files?sampleFilePath=.descriptor%2Fimages%2Fdita-desert%402x.png HTTP/1.1" 200 27060
127.0.0.1 - webapp [23/Oct/2024:13:24:45 +0300] "GET /license-servlet/license-servlet?action=LIC_REQUEST&serverURL=https%3A%2F%2Flocalhost%3A8443%2Flicense-servlet%2Flicense-servlet&name=user2915297075665943297&hostname=MacBook-Pro-2.local&macaddr=AC-DE-48-00-11-22 HTTP/1.1" 200 19
127.0.0.1 - webapp [23/Oct/2024:13:24:45 +0300] "GET /license-servlet/license-servlet?action=LIC_REQUEST&serverURL=https%3A%2F%2Flocalhost%3A8443%2Flicense-servlet%2Flicense-servlet&name=user2915297075665943297&hostname=MacBook-Pro-2.local&macaddr=AC-DE-48-00-11-22 HTTP/1.1" 200 19
0:0:0:0:0:0:0:1 - - [23/Oct/2024:13:24:45 +0300] "GET /oxygen-xml-web-author/rest/app-authentication/user-info HTTP/1.1" 401 63
0:0:0:0:0:0:0:1 - - [23/Oct/2024:13:24:45 +0300] "GET /oxygen-xml-web-author/plugin-resources/samples/Samples70@2x.png HTTP/1.1" 200 2325
0:0:0:0:0:0:0:1 - - [23/Oct/2024:13:24:45 +0300] "GET /oxygen-xml-web-author/plugin-resources/github-static/Git-logo70@2x.png HTTP/1.1" 200 1913
0:0:0:0:0:0:0:1 - - [23/Oct/2024:13:24:45 +0300] "GET /oxygen-xml-web-author/plugin-resources/p4/perforce70@2x.png HTTP/1.1" 200 3036
0:0:0:0:0:0:0:1 - - [23/Oct/2024:13:24:45 +0300] "GET /oxygen-xml-web-author/plugin-resources/webdav/Webdav70@2x.png HTTP/1.1" 200 3184
0:0:0:0:0:0:0:1 - - [23/Oct/2024:13:24:45 +0300] "GET /oxygen-xml-web-author/plugin-resources/sharepoint/SharePoint70@2x.png HTTP/1.1" 200 2958
0:0:0:0:0:0:0:1 - - [23/Oct/2024:13:24:45 +0300] "GET /oxygen-xml-web-author/plugin-resources/samples/NewSample.png HTTP/1.1" 200 792
0:0:0:0:0:0:0:1 - - [23/Oct/2024:13:24:47 +0300] "GET /oxygen-xml-web-author/app/admin.html HTTP/1.1" 200 5730
0:0:0:0:0:0:0:1 - - [23/Oct/2024:13:24:47 +0300] "GET /oxygen-xml-web-author/app/no-cache/stranslation-lite.js HTTP/1.1" 404 169
0:0:0:0:0:0:0:1 - - [23/Oct/2024:13:24:47 +0300] "GET /oxygen-xml-web-author/app/css/admin-page-1af6f13cbe.css HTTP/1.1" 200 10023
0:0:0:0:0:0:0:1 - - [23/Oct/2024:13:25:01 +0300] "POST /oxygen-xml-web-author/admin-login HTTP/1.1" 200 -
0:0:0:0:0:0:0:1 - - [23/Oct/2024:13:25:01 +0300] "GET /oxygen-xml-web-author/app/admin.html HTTP/1.1" 200 642
0:0:0:0:0:0:0:1 - - [23/Oct/2024:13:25:01 +0300] "GET /oxygen-xml-web-author/app/admin-custom.js HTTP/1.1" 200 -
0:0:0:0:0:0:0:1 - - [23/Oct/2024:13:25:01 +0300] "GET /oxygen-xml-web-author/app/css/admin-page-1af6f13cbe.css HTTP/1.1" 304 -
0:0:0:0:0:0:0:1 - - [23/Oct/2024:13:25:01 +0300] "GET /oxygen-xml-web-author/app/fonts/RobotoTTF/Roboto-Light.ttf HTTP/1.1" 304 -
0:0:0:0:0:0:0:1 - - [23/Oct/2024:13:25:01 +0300] "GET /oxygen-xml-web-author/app/images/icons-93994800-sprite@2x.png HTTP/1.1" 304 -
0:0:0:0:0:0:0:1 - - [23/Oct/2024:13:25:01 +0300] "GET /oxygen-xml-web-author/app/admin-ec38c0d064.js HTTP/1.1" 200 260199
0:0:0:0:0:0:0:1 - - [23/Oct/2024:13:25:01 +0300] "GET /oxygen-xml-web-author/admin/v26.1.0/ping HTTP/1.1" 200 6
0:0:0:0:0:0:0:1 - - [23/Oct/2024:13:25:01 +0300] "GET /oxygen-xml-web-author/app/fonts/RobotoTTF/Roboto-Regular.ttf HTTP/1.1" 304 -
0:0:0:0:0:0:0:1 - - [23/Oct/2024:13:25:01 +0300] "GET /oxygen-xml-web-author/app/images/ArrowDown16.svg HTTP/1.1" 200 501
0:0:0:0:0:0:0:1 - - [23/Oct/2024:13:25:01 +0300] "GET /oxygen-xml-web-author/admin/v26.1.0/options/adminlink HTTP/1.1" 200 4
0:0:0:0:0:0:0:1 - - [23/Oct/2024:13:25:01 +0300] "GET /oxygen-xml-web-author/admin/v26.1.0/license/is-configured HTTP/1.1" 200 4
0:0:0:0:0:0:0:1 - - [23/Oct/2024:13:25:08 +0300] "GET /oxygen-xml-web-author/admin/v26.1.0/license HTTP/1.1" 200 180
127.0.0.1 - webapp [23/Oct/2024:13:25:08 +0300] "GET /license-servlet/license-servlet?action=LIC_REQUEST&serverURL=https%3A%2F%2Flocalhost%3A8443%2Flicense-servlet%2Flicense-servlet&name=euj98kcqbhjt4bin4j3mgkne3n&hostname=MacBook-Pro-2.local&macaddr=AC-DE-48-00-11-22 HTTP/1.1" 200 19
0:0:0:0:0:0:0:1 - - [23/Oct/2024:13:25:08 +0300] "GET /oxygen-xml-web-author/rest/v26.1.0/about HTTP/1.1" 200 746
0:0:0:0:0:0:0:1 - - [23/Oct/2024:13:25:29 +0300] "PUT /oxygen-xml-web-author/admin/v26.1.0/license HTTP/1.1" 200 4
127.0.0.1 - webapp [23/Oct/2024:13:25:29 +0300] "GET /license-servlet/license-servlet?action=LIC_REQUEST&serverURL=https%3A%2F%2Flocalhost%3A8443%2Flicense-servlet%2Flicense-servlet&name=m0md0em1vjf1m2jc5vb8dghugf&hostname=MacBook-Pro-2.local&macaddr=AC-DE-48-00-11-22 HTTP/1.1" 200 19
0:0:0:0:0:0:0:1 - - [23/Oct/2024:13:25:29 +0300] "POST /oxygen-xml-web-author/rest/v26.1.0/reloadlicense HTTP/1.1" 400 106
0:0:0:0:0:0:0:1 - - [23/Oct/2024:13:25:29 +0300] "GET /oxygen-xml-web-author/admin/v26.1.0/license HTTP/1.1" 200 180
127.0.0.1 - webapp [23/Oct/2024:13:25:29 +0300] "GET /license-servlet/license-servlet?action=LIC_REQUEST&serverURL=https%3A%2F%2Flocalhost%3A8443%2Flicense-servlet%2Flicense-servlet&name=pa5rpm5bt6j2ftol9g966lq173&hostname=MacBook-Pro-2.local&macaddr=AC-DE-48-00-11-22 HTTP/1.1" 200 19
0:0:0:0:0:0:0:1 - - [23/Oct/2024:13:25:29 +0300] "GET /oxygen-xml-web-author/rest/v26.1.0/about HTTP/1.1" 200 746
127.0.0.1 - webapp [23/Oct/2024:13:25:39 +0300] "GET /license-servlet/license-servlet?action=LIC_REQUEST&serverURL=https%3A%2F%2Flocalhost%3A8443%2Flicense-servlet%2Flicense-servlet&name=v9qvgtg83o4r8abe2rpq8jmd4q&hostname=MacBook-Pro-2.local&macaddr=AC-DE-48-00-11-22 HTTP/1.1" 200 19
0:0:0:0:0:0:0:1 - - [23/Oct/2024:13:25:39 +0300] "GET /oxygen-xml-web-author/rest/v26.1.0/reset-license-info HTTP/1.1" 200 746
127.0.0.1 - webapp [23/Oct/2024:13:25:44 +0300] "GET /license-servlet/license-servlet?action=LIC_REQUEST&serverURL=https%3A%2F%2Flocalhost%3A8443%2Flicense-servlet%2Flicense-servlet&name=egju52nkvih5b24hitd1mh0o7n&hostname=MacBook-Pro-2.local&macaddr=AC-DE-48-00-11-22 HTTP/1.1" 200 19
0:0:0:0:0:0:0:1 - - [23/Oct/2024:13:25:44 +0300] "GET /oxygen-xml-web-author/rest/v26.1.0/reset-license-info HTTP/1.1" 200 746
127.0.0.1 - webapp [23/Oct/2024:13:25:45 +0300] "GET /license-servlet/license-servlet?action=LIC_REQUEST&serverURL=https%3A%2F%2Flocalhost%3A8443%2Flicense-servlet%2Flicense-servlet&name=m3j0edmumnqrfv5c6bafdj9bq2&hostname=MacBook-Pro-2.local&macaddr=AC-DE-48-00-11-22 HTTP/1.1" 200 19
0:0:0:0:0:0:0:1 - - [23/Oct/2024:13:25:45 +0300] "GET /oxygen-xml-web-author/rest/v26.1.0/reset-license-info HTTP/1.1" 200 746
0:0:0:0:0:0:0:1 - - [23/Oct/2024:13:26:42 +0300] "GET /oxygen-xml-web-author/admin/v26.1.0/settings/connection HTTP/1.1" 200 1243
0:0:0:0:0:0:0:1 - - [23/Oct/2024:13:26:49 +0300] "GET /oxygen-xml-web-author/admin/v26.1.0/settings/security HTTP/1.1" 200 2769
0:0:0:0:0:0:0:1 - - [23/Oct/2024:13:27:03 +0300] "GET /oxygen-xml-web-author/admin/v26.1.0/settings/general HTTP/1.1" 200 1768
0:0:0:0:0:0:0:1 - - [23/Oct/2024:13:27:10 +0300] "GET /oxygen-xml-web-author/admin/v26.1.0/license HTTP/1.1" 200 180
127.0.0.1 - webapp [23/Oct/2024:13:27:10 +0300] "GET /license-servlet/license-servlet?action=LIC_REQUEST&serverURL=https%3A%2F%2Flocalhost%3A8443%2Flicense-servlet%2Flicense-servlet&name=l7sig3g51maf3cod3trrekm4vs&hostname=MacBook-Pro-2.local&macaddr=AC-DE-48-00-11-22 HTTP/1.1" 200 19
0:0:0:0:0:0:0:1 - - [23/Oct/2024:13:27:11 +0300] "GET /oxygen-xml-web-author/rest/v26.1.0/about HTTP/1.1" 200 746
127.0.0.1 - webapp [23/Oct/2024:13:27:41 +0300] "GET /license-servlet/license-servlet?action=LIC_REQUEST&serverURL=https%3A%2F%2Flocalhost%3A8443%2Flicense-servlet%2Flicense-servlet&name=li3afobbo5r4usvkgb33uidl8i&hostname=MacBook-Pro-2.local&macaddr=AC-DE-48-00-11-22 HTTP/1.1" 200 19
0:0:0:0:0:0:0:1 - - [23/Oct/2024:13:27:41 +0300] "GET /oxygen-xml-web-author/rest/v26.1.0/reset-license-info HTTP/1.1" 200 746
